// Jest Snapshot v1, https://goo.gl/fbAQLP

exports[`ProductCategoryMenu component should match snapshot 1`] = `
<div>
  <div class="py-3 border-b border-gray-500">
    Categorias
  </div>
  <ul class="mt-2">
    <li class="pl-2 py-3 cursor-pointer text-sm hover:bg-dark-gray-700 hover:bg-opacity-75 hover:text-white transition duration-100 ease-linear">
      Accesories
    </li>
    <li class="pl-2 py-3 cursor-pointer text-sm hover:bg-dark-gray-700 hover:bg-opacity-75 hover:text-white transition duration-100 ease-linear">
      Clothing
    </li>
    <li class="pl-2 py-3 cursor-pointer text-sm hover:bg-dark-gray-700 hover:bg-opacity-75 hover:text-white transition duration-100 ease-linear">
      Shoes
    </li>
  </ul>
</div>
`;
