// Jest Snapshot v1, https://goo.gl/fbAQLP

exports[`ProductCard component should render card with name, category and price 1`] = `
<a class="group m-auto cursor-pointer w-full">
  <div class="relative pt-card bg-light-gray-400 rounded-md flex justify-center"><img src="http://domain.com/image.png" alt="" class="object-cover absolute w-4/5 mx-auto top-1/2 transform -translate-y-1/2 group-hover:w-4/6 transition-width ease-in duration-100">
    <div class="absolute bottom-0 bg-primary-600 text-white uppercase w-full text-center p-3 opacity-0 rounded-br-md rounded-bl-md group-hover:opacity-100 transition ease-in duration-100">
      Ver
    </div>
  </div>
  <div class="flex flex-col mt-4">
    <div id="category" class="uppercase overflow-hidden">
      Shoes
    </div>
    <p class="text-lg h-12 text-dark-gray-600 font-bold line-clamped hover:text-primary-600 transition ease-in duration-100">
      Nike shoes
    </p>
  </div>
</a>
`;
