// Jest Snapshot v1, https://goo.gl/fbAQLP

exports[`LoadMoreButton component should render component as NuxtLink when passed prop 1`] = `<a class="py-4 px-10 bg-white text-dark-gray-600 border-4 border-gray-800 w-max hover:text-white hover:bg-dark-gray-600 font-bold transition duration-100 ease-linear"></a>`;
